[    0.000000] Initializing cgroup subsys cpuset
[    0.000000] Initializing cgroup subsys cpu
[    0.000000] Initializing cgroup subsys cpuacct
[    0.000000] Linux version 4.4.0-170-generic (buildd@lcy01-amd64-019) (gcc version 5.4.0 20160609 (Ubuntu 5.4.0-6ubuntu1~16.04.12) ) #199-Ubuntu SMP Thu Nov 14 01:45:04 UTC 2019 (Ubuntu 4.4.0-170.199-generic 4.4.200)
[    0.000000] Command line: BOOT_IMAGE=/boot/vmlinuz-4.4.0-170-generic root=LABEL=cloudimg-rootfs ro console=tty1 console=ttyS0
[    0.000000] KERNEL supported cpus:
[    0.000000]   Intel GenuineIntel
[    0.000000]   AMD AuthenticAMD
[    0.000000]   Centaur CentaurHauls
[    0.000000] x86/fpu: xstate_offset[2]:  576, xstate_sizes[2]:  256
[    0.000000] x86/fpu: Supporting XSAVE feature 0x01: 'x87 floating point registers'
[    0.000000] x86/fpu: Supporting XSAVE feature 0x02: 'SSE registers'
[    0.000000] x86/fpu: Supporting XSAVE feature 0x04: 'AVX registers'
[    0.000000] x86/fpu: Enabled xstate features 0x7, context size is 832 bytes, using 'standard' format.
[    0.000000] e820: BIOS-provided physical RAM map:
[    0.000000] BIOS-e820: [mem 0x0000000000000000-0x000000000009fbff] usable
[    0.000000] BIOS-e820: [mem 0x000000000009fc00-0x000000000009ffff] reserved
[    0.000000] BIOS-e820: [mem 0x00000000000f0000-0x00000000000fffff] reserved
[    0.000000] BIOS-e820: [mem 0x0000000000100000-0x000000007ffeffff] usable
[    0.000000] BIOS-e820: [mem 0x000000007fff0000-0x000000007fffffff] ACPI data
[    0.000000] BIOS-e820: [mem 0x00000000fec00000-0x00000000fec00fff] reserved
[    0.000000] BIOS-e820: [mem 0x00000000fee00000-0x00000000fee00fff] reserved
[    0.000000] BIOS-e820: [mem 0x00000000fffc0000-0x00000000ffffffff] reserved
[    0.000000] NX (Execute Disable) protection: active
[    0.000000] SMBIOS 2.5 present.
[    0.000000] Hypervisor detected: KVM
[    0.000000] e820: last_pfn = 0x7fff0 max_arch_pfn = 0x400000000
[    0.000000] MTRR: Disabled
[    0.000000] x86/PAT: MTRRs disabled, skipping PAT initialization too.
[    0.000000] CPU MTRRs all blank - virtualized system.
[    0.000000] x86/PAT: Configuration [0-7]: WB  WT  UC- UC  WB  WT  UC- UC  
[    0.000000] found SMP MP-table at [mem 0x0009fff0-0x0009ffff] mapped at [ffff88000009fff0]
[    0.000000] Scanning 1 areas for low memory corruption
[    0.000000] RAMDISK: [mem 0x362f8000-0x37173fff]
[    0.000000] ACPI: Early table checksum verification disabled
[    0.000000] ACPI: RSDP 0x00000000000E0000 000024 (v02 VBOX  )
[    0.000000] ACPI: XSDT 0x000000007FFF0030 00003C (v01 VBOX   VBOXXSDT 00000001 ASL  00000061)
[    0.000000] ACPI: FACP 0x000000007FFF00F0 0000F4 (v04 VBOX   VBOXFACP 00000001 ASL  00000061)
[    0.000000] ACPI: DSDT 0x000000007FFF0470 0022EA (v02 VBOX   VBOXBIOS 00000002 INTL 20100528)
[    0.000000] ACPI: FACS 0x000000007FFF0200 000040
[    0.000000] ACPI: FACS 0x000000007FFF0200 000040
[    0.000000] ACPI: APIC 0x000000007FFF0240 00005C (v02 VBOX   VBOXAPIC 00000001 ASL  00000061)
[    0.000000] ACPI: SSDT 0x000000007FFF02A0 0001CC (v01 VBOX   VBOXCPUT 00000002 INTL 20100528)
[    0.000000] No NUMA configuration found
[    0.000000] Faking a node at [mem 0x0000000000000000-0x000000007ffeffff]
[    0.000000] NODE_DATA(0) allocated [mem 0x7ffeb000-0x7ffeffff]
[    0.000000] kvm-clock: Using msrs 4b564d01 and 4b564d00
[    0.000000] kvm-clock: cpu 0, msr 0:7ffe3001, primary cpu clock
[    0.000000] kvm-clock: using sched offset of 5525006382 cycles
[    0.000000] clocksource: kvm-clock: mask: 0xffffffffffffffff max_cycles: 0x1cd42e4dffb, max_idle_ns: 881590591483 ns
[    0.000000] Zone ranges:
[    0.000000]   DMA      [mem 0x0000000000001000-0x0000000000ffffff]
[    0.000000]   DMA32    [mem 0x0000000001000000-0x000000007ffeffff]
[    0.000000]   Normal   empty
[    0.000000]   Device   empty
[    0.000000] Movable zone start for each node
[    0.000000] Early memory node ranges
[    0.000000]   node   0: [mem 0x0000000000001000-0x000000000009efff]
[    0.000000]   node   0: [mem 0x0000000000100000-0x000000007ffeffff]
[    0.000000] Initmem setup node 0 [mem 0x0000000000001000-0x000000007ffeffff]
[    0.000000] ACPI: PM-Timer IO Port: 0x4008
[    0.000000] IOAPIC[0]: apic_id 2, version 32, address 0xfec00000, GSI 0-23
[    0.000000] ACPI: INT_SRC_OVR (bus 0 bus_irq 0 global_irq 2 dfl dfl)
[    0.000000] ACPI: INT_SRC_OVR (bus 0 bus_irq 9 global_irq 9 low level)
[    0.000000] Using ACPI (MADT) for SMP configuration information
[    0.000000] smpboot: Allowing 2 CPUs, 0 hotplug CPUs
[    0.000000] PM: Registered nosave memory: [mem 0x00000000-0x00000fff]
[    0.000000] PM: Registered nosave memory: [mem 0x0009f000-0x0009ffff]
[    0.000000] PM: Registered nosave memory: [mem 0x000a0000-0x000effff]
[    0.000000] PM: Registered nosave memory: [mem 0x000f0000-0x000fffff]
[    0.000000] e820: [mem 0x80000000-0xfebfffff] available for PCI devices
[    0.000000] Booting paravirtualized kernel on KVM
[    0.000000] clocksource: refined-jiffies: mask: 0xffffffff max_cycles: 0xffffffff, max_idle_ns: 7645519600211568 ns
[    0.000000] setup_percpu: NR_CPUS:512 nr_cpumask_bits:512 nr_cpu_ids:2 nr_node_ids:1
[    0.000000] PERCPU: Embedded 33 pages/cpu @ffff88007fc00000 s95448 r8192 d31528 u1048576
[    0.000000] Built 1 zonelists in Node order, mobility grouping on.  Total pages: 515960
[    0.000000] Policy zone: DMA32
[    0.000000] Kernel command line: BOOT_IMAGE=/boot/vmlinuz-4.4.0-170-generic root=LABEL=cloudimg-rootfs ro console=tty1 console=ttyS0
[    0.000000] PID hash table entries: 4096 (order: 3, 32768 bytes)
[    0.000000] Memory: 2029916K/2096696K available (8626K kernel code, 1336K rwdata, 4036K rodata, 1488K init, 1288K bss, 66780K reserved, 0K cma-reserved)
[    0.000000] SLUB: HWalign=64, Order=0-3, MinObjects=0, CPUs=2, Nodes=1
[    0.000000] Kernel/User page tables isolation: enabled
[    0.000000] Hierarchical RCU implementation.
[    0.000000] 	Build-time adjustment of leaf fanout to 64.
[    0.000000] 	RCU restricting CPUs from NR_CPUS=512 to nr_cpu_ids=2.
[    0.000000] RCU: Adjusting geometry for rcu_fanout_leaf=64, nr_cpu_ids=2
[    0.000000] NR_IRQS:33024 nr_irqs:440 16
[    0.000000] Console: colour VGA+ 80x25
[    0.000000] console [tty1] enabled
[    0.000000] console [ttyS0] enabled
[    0.000000] tsc: Detected 2591.998 MHz processor
[    0.261034] Calibrating delay loop (skipped) preset value.. 5183.99 BogoMIPS (lpj=10367992)
[    0.264084] pid_max: default: 32768 minimum: 301
[    0.266571] ACPI: Core revision 20150930
[    0.270223] ACPI: 2 ACPI AML tables successfully acquired and loaded
[    0.273617] Security Framework initialized
[    0.275863] Yama: becoming mindful.
[    0.277829] AppArmor: AppArmor initialized
[    0.285475] Dentry cache hash table entries: 262144 (order: 9, 2097152 bytes)
[    0.288833] Inode-cache hash table entries: 131072 (order: 8, 1048576 bytes)
[    0.296833] Mount-cache hash table entries: 4096 (order: 3, 32768 bytes)
[    0.300233] Mountpoint-cache hash table entries: 4096 (order: 3, 32768 bytes)
[    0.303229] Initializing cgroup subsys io
[    0.304610] Initializing cgroup subsys memory
[    0.306134] Initializing cgroup subsys devices
[    0.308546] Initializing cgroup subsys freezer
[    0.312200] Initializing cgroup subsys net_cls
[    0.316475] Initializing cgroup subsys perf_event
[    0.318200] Initializing cgroup subsys net_prio
[    0.319849] Initializing cgroup subsys hugetlb
[    0.321815] Initializing cgroup subsys pids
[    0.324582] mce: CPU supports 0 MCE banks
[    0.326258] Last level iTLB entries: 4KB 64, 2MB 8, 4MB 8
[    0.328433] Last level dTLB entries: 4KB 64, 2MB 0, 4MB 0, 1GB 4
[    0.330836] Spectre V1 : Mitigation: usercopy/swapgs barriers and __user pointer sanitization
[    0.334589] Spectre V2 : Mitigation: Full generic retpoline
[    0.336488] Spectre V2 : Spectre v2 / SpectreRSB mitigation: Filling RSB on context switch
[    0.340391] Speculative Store Bypass: Vulnerable
[    0.342023] MDS: Vulnerable: Clear CPU buffers attempted, no microcode
[    0.350415] Freeing SMP alternatives memory: 36K
[    0.359897] ftrace: allocating 32302 entries in 127 pages
[    0.440728] smpboot: APIC(0) Converting physical 0 to logical package 0
[    0.442436] smpboot: Max logical packages: 1
[    0.443975] x2apic enabled
[    0.445293] Switched APIC routing to physical x2apic.
[    0.448852] ..TIMER: vector=0x30 apic1=0 pin1=2 apic2=-1 pin2=-1
[    0.558659] smpboot: CPU0: Intel(R) Core(TM) i7-6500U CPU @ 2.50GHz (family: 0x6, model: 0x4e, stepping: 0x3)
[    0.563481] Performance Events: unsupported p6 CPU model 78 no PMU driver, software events only.
[    0.582478] KVM setup paravirtual spinlock
[    0.587854] x86: Booting SMP configuration:
[    0.589433] .... node  #0, CPUs:      #1
[    0.590863] kvm-clock: cpu 1, msr 0:7ffe3041, secondary cpu clock
[    0.593826] mce: CPU supports 0 MCE banks
[    0.596957] x86: Booted up 1 node, 2 CPUs
[    0.599659] smpboot: Total of 2 processors activated (10367.99 BogoMIPS)
[    0.602752] devtmpfs: initialized
[    0.605906] evm: security.selinux
[    0.606988] evm: security.SMACK64
[    0.608220] evm: security.SMACK64EXEC
[    0.609391] evm: security.SMACK64TRANSMUTE
[    0.610706] evm: security.SMACK64MMAP
[    0.611861] evm: security.ima
[    0.613220] evm: security.capability
[    0.615535] clocksource: jiffies: mask: 0xffffffff max_cycles: 0xffffffff, max_idle_ns: 7645041785100000 ns
[    0.618692] futex hash table entries: 512 (order: 3, 32768 bytes)
[    0.620646] pinctrl core: initialized pinctrl subsystem
[    0.622316] RTC time: 23:18:37, date: 12/27/19
[    0.623937] NET: Registered protocol family 16
[    0.635853] cpuidle: using governor ladder
[    0.649655] cpuidle: using governor menu
[    0.651023] PCCT header not found.
[    0.652172] ACPI: bus type PCI registered
[    0.664452] acpiphp: ACPI Hot Plug PCI Controller Driver version: 0.5
[    0.666607] PCI: Using configuration type 1 for base access
[    0.681106] ACPI: Added _OSI(Module Device)
[    0.682901] ACPI: Added _OSI(Processor Device)
[    0.684342] ACPI: Added _OSI(3.0 _SCP Extensions)
[    0.685831] ACPI: Added _OSI(Processor Aggregator Device)
[    0.688338] ACPI: Executed 1 blocks of module-level executable AML code
[    0.692964] ACPI: Interpreter enabled
[    0.694204] ACPI: (supports S0 S5)
[    0.695403] ACPI: Using IOAPIC for interrupt routing
[    0.697835] PCI: Using host bridge windows from ACPI; if necessary, use "pci=nocrs" and report a bug
[    0.705614] ACPI: PCI Root Bridge [PCI0] (domain 0000 [bus 00-ff])
[    0.707478] acpi PNP0A03:00: _OSC: OS supports [ASPM ClockPM Segments MSI]
[    0.710218] acpi PNP0A03:00: _OSC: not requesting OS control; OS requires [ExtendedConfig ASPM ClockPM MSI]
[    0.714258] acpi PNP0A03:00: fail to add MMCONFIG information, can't access extended PCI configuration space under this bridge.
[    0.718122] PCI host bridge to bus 0000:00
[    0.719578] pci_bus 0000:00: root bus resource [io  0x0000-0x0cf7 window]
[    0.721514] pci_bus 0000:00: root bus resource [io  0x0d00-0xffff window]
[    0.723587] pci_bus 0000:00: root bus resource [mem 0x000a0000-0x000bffff window]
[    0.725918] pci_bus 0000:00: root bus resource [mem 0x80000000-0xfdffffff window]
[    0.728377] pci_bus 0000:00: root bus resource [bus 00-ff]
[    0.733312] pci 0000:00:01.1: legacy IDE quirk: reg 0x10: [io  0x01f0-0x01f7]
[    0.735108] pci 0000:00:01.1: legacy IDE quirk: reg 0x14: [io  0x03f6]
[    0.736809] pci 0000:00:01.1: legacy IDE quirk: reg 0x18: [io  0x0170-0x0177]
[    0.738634] pci 0000:00:01.1: legacy IDE quirk: reg 0x1c: [io  0x0376]
[    0.795288] pci 0000:00:07.0: quirk: [io  0x4000-0x403f] claimed by PIIX4 ACPI
[    0.798905] pci 0000:00:07.0: quirk: [io  0x4100-0x410f] claimed by PIIX4 SMB
[    0.813660] ACPI: PCI Interrupt Link [LNKA] (IRQs 5 9 10 *11)
[    0.816984] ACPI: PCI Interrupt Link [LNKB] (IRQs 5 9 *10 11)
[    0.819174] ACPI: PCI Interrupt Link [LNKC] (IRQs 5 *9 10 11)
[    0.821276] ACPI: PCI Interrupt Link [LNKD] (IRQs 5 9 10 *11)
[    0.823465] ACPI: Enabled 2 GPEs in block 00 to 07
[    0.825437] vgaarb: setting as boot device: PCI:0000:00:02.0
[    0.826981] vgaarb: device added: PCI:0000:00:02.0,decodes=io+mem,owns=io+mem,locks=none
[    0.829862] vgaarb: loaded
[    0.831425] vgaarb: bridge control possible 0000:00:02.0
[    0.833575] SCSI subsystem initialized
[    0.835085] ACPI: bus type USB registered
[    0.836632] usbcore: registered new interface driver usbfs
[    0.838534] usbcore: registered new interface driver hub
[    0.840174] usbcore: registered new device driver usb
[    0.842268] PCI: Using ACPI for IRQ routing
[    0.844144] NetLabel: Initializing
[    0.845294] NetLabel:  domain hash size = 128
[    0.847195] NetLabel:  protocols = UNLABELED CIPSOv4
[    0.849919] NetLabel:  unlabeled traffic allowed by default
[    0.852131] amd_nb: Cannot enumerate AMD northbridges
[    0.853758] clocksource: Switched to clocksource kvm-clock
[    0.870136] AppArmor: AppArmor Filesystem Enabled
[    0.871612] pnp: PnP ACPI init
[    0.873780] pnp: PnP ACPI: found 3 devices
[    0.895244] clocksource: acpi_pm: mask: 0xffffff max_cycles: 0xffffff, max_idle_ns: 2085701024 ns
[    0.898925] NET: Registered protocol family 2
[    0.900549] TCP established hash table entries: 16384 (order: 5, 131072 bytes)
[    0.903102] TCP bind hash table entries: 16384 (order: 6, 262144 bytes)
[    0.904999] TCP: Hash tables configured (established 16384 bind 16384)
[    0.906992] UDP hash table entries: 1024 (order: 3, 32768 bytes)
[    0.908991] UDP-Lite hash table entries: 1024 (order: 3, 32768 bytes)
[    0.911115] NET: Registered protocol family 1
[    0.912498] pci 0000:00:00.0: Limiting direct PCI/PCI transfers
[    0.914996] pci 0000:00:01.0: Activating ISA DMA hang workarounds
[    0.917015] Unpacking initramfs...
[    1.210774] Freeing initrd memory: 14832K
[    1.212248] clocksource: tsc: mask: 0xffffffffffffffff max_cycles: 0x255cb518234, max_idle_ns: 440795279333 ns
[    1.218640] platform rtc_cmos: registered platform RTC device (no PNP device found)
[    1.221603] Scanning for low memory corruption every 60 seconds
[    1.224205] audit: initializing netlink subsys (disabled)
[    1.225761] audit: type=2000 audit(1577488724.200:1): initialized
[    1.227819] Initialise system trusted keyring
[    1.229872] HugeTLB registered 2 MB page size, pre-allocated 0 pages
[    1.233669] zbud: loaded
[    1.235216] VFS: Disk quotas dquot_6.6.0
[    1.236756] VFS: Dquot-cache hash table entries: 512 (order 0, 4096 bytes)
[    1.239763] squashfs: version 4.0 (2009/01/31) Phillip Lougher
[    1.242521] fuse init (API version 7.23)
[    1.243954] Key type big_key registered
[    1.245206] Allocating IMA MOK and blacklist keyrings.
[    1.251069] Key type asymmetric registered
[    1.252440] Asymmetric key parser 'x509' registered
[    1.253913] Block layer SCSI generic (bsg) driver version 0.4 loaded (major 249)
[    1.256409] io scheduler noop registered
[    1.257721] io scheduler deadline registered (default)
[    1.259533] io scheduler cfq registered
[    1.260804] pci_hotplug: PCI Hot Plug PCI Core version: 0.5
[    1.262708] pciehp: PCI Express Hot Plug Controller Driver version: 0.4
[    1.265658] ACPI: AC Adapter [AC] (on-line)
[    1.267611] input: Power Button as /devices/LNXSYSTM:00/LNXPWRBN:00/input/input0
[    1.270018] ACPI: Power Button [PWRF]
[    1.271457] input: Sleep Button as /devices/LNXSYSTM:00/LNXSLPBN:00/input/input1
[    1.273816] ACPI: Sleep Button [SLPF]
[    1.275499] GHES: HEST is not enabled!
[    1.277606] ACPI: Battery Slot [BAT0] (battery present)
 	
 !"#$%&'()*+,-./01234567WXYZ[\]^_`abcdefghijklmnopqrstuvwxyz{|}~ÄÅÇÉÑÖÜáàâäãåçéèêëíìîïñóòôöõúùûü†°¢£§•¶ß®©™´¨≠ÆØ∞±≤≥¥µ∂∑∏π∫ªºΩæø¿¡¬√ƒ≈∆«»… ÀÃÕŒœ–—“”‘’÷◊ÿŸ⁄€‹›ﬁﬂ‡·‚„‰ÂÊÁËÈÍÎÏÌÓÔÒÚÛÙıˆ˜¯˘˙˚¸˝˛ˇ[    1.277859] Serial: 8250/16550 driver, 32 ports, IRQ sharing enabled
[    1.302878] 00:02: ttyS0 at I/O 0x3f8 (irq = 4, base_baud = 115200) is a 16550A
[    1.314312] Linux agpgart interface v0.103
[    1.323570] loop: module loaded
[    1.325762] scsi host0: ata_piix
[    1.327065] scsi host1: ata_piix
[    1.328105] ata1: PATA max UDMA/33 cmd 0x1f0 ctl 0x3f6 bmdma 0xd000 irq 14
[    1.331125] ata2: PATA max UDMA/33 cmd 0x170 ctl 0x376 bmdma 0xd008 irq 15
[    1.333268] libphy: Fixed MDIO Bus: probed
[    1.334800] tun: Universal TUN/TAP device driver, 1.6
[    1.336374] tun: (C) 1999-2004 Max Krasnyansky <maxk@qualcomm.com>
[    1.338362] PPP generic driver version 2.4.2
[    1.339815] ehci_hcd: USB 2.0 'Enhanced' Host Controller (EHCI) Driver
[    1.341776] ehci-pci: EHCI PCI platform driver
[    1.343255] ehci-platform: EHCI generic platform driver
[    1.344875] ohci_hcd: USB 1.1 'Open' Host Controller (OHCI) Driver
[    1.347729] ohci-pci: OHCI PCI platform driver
[    1.349615] ohci-platform: OHCI generic platform driver
[    1.351173] uhci_hcd: USB Universal Host Controller Interface driver
[    1.353054] i8042: PNP: PS/2 Controller [PNP0303:PS2K,PNP0f03:PS2M] at 0x60,0x64 irq 1,12
[    1.356224] serio: i8042 KBD port at 0x60,0x64 irq 1
[    1.357931] serio: i8042 AUX port at 0x60,0x64 irq 12
[    1.360070] mousedev: PS/2 mouse device common for all mice
[    1.362454] input: AT Translated Set 2 keyboard as /devices/platform/i8042/serio0/input/input2
[    1.366220] rtc_cmos rtc_cmos: rtc core: registered rtc_cmos as rtc0
[    1.368182] rtc_cmos rtc_cmos: alarms up to one day, 114 bytes nvram
[    1.369909] i2c /dev entries driver
[    1.371047] device-mapper: uevent: version 1.0.3
[    1.372524] device-mapper: ioctl: 4.34.0-ioctl (2015-10-28) initialised: dm-devel@redhat.com
[    1.374944] ledtrig-cpu: registered to indicate activity on CPUs
[    1.377090] NET: Registered protocol family 10
[    1.378674] NET: Registered protocol family 17
[    1.380720] Key type dns_resolver registered
[    1.382678] registered taskstats version 1
[    1.383903] Loading compiled-in X.509 certificates
[    1.385830] Loaded X.509 cert 'Build time autogenerated kernel key: f0e56e97f406068ace47a9bf54316e9855aaaa43'
[    1.388823] zswap: loaded using pool lzo/zbud
[    1.393523] Key type trusted registered
[    1.402435] Key type encrypted registered
[    1.404260] AppArmor: AppArmor sha1 policy hashing enabled
[    1.406967] ima: No TPM chip found, activating TPM-bypass!
[    1.409491] ima: Allocated hash algorithm: sha1
[    1.411951] evm: HMAC attrs: 0x1
[    1.414638]   Magic number: 15:778:353
[    1.416694] rtc_cmos rtc_cmos: setting system clock to 2019-12-27 23:18:37 UTC (1577488717)
[    1.423212] BIOS EDD facility v0.16 2004-Jun-25, 0 devices found
[    1.425531] EDD information not available.
[    1.487860] Freeing unused kernel memory: 1488K
[    1.494598] Write protecting the kernel read-only data: 14336k
[    1.497715] Freeing unused kernel memory: 1604K
[    1.499532] Freeing unused kernel memory: 60K
Loading, please wait...
starting version 229
[    1.517520] random: systemd-udevd: uninitialized urandom read (16 bytes read, 3 bits of entropy available)
[    1.518029] random: udevadm: uninitialized urandom read (16 bytes read, 3 bits of entropy available)
[    1.518049] random: udevadm: uninitialized urandom read (16 bytes read, 3 bits of entropy available)
[    1.526903] random: systemd-udevd: uninitialized urandom read (16 bytes read, 3 bits of entropy available)
[    1.530606] random: systemd-udevd: uninitialized urandom read (16 bytes read, 3 bits of entropy available)
[    1.532689] random: udevadm: uninitialized urandom read (16 bytes read, 3 bits of entropy available)
[    1.532733] random: udevadm: uninitialized urandom read (16 bytes read, 3 bits of entropy available)
[    1.532878] random: udevadm: uninitialized urandom read (16 bytes read, 3 bits of entropy available)
[    1.532933] random: udevadm: uninitialized urandom read (16 bytes read, 3 bits of entropy available)
[    1.532984] random: udevadm: uninitialized urandom read (16 bytes read, 3 bits of entropy available)
[    1.604118] Fusion MPT base driver 3.04.20
[    1.605307] Copyright (c) 1999-2008 LSI Corporation
[    1.607186] e1000: Intel(R) PRO/1000 Network Driver - version 7.3.21-k8-NAPI
[    1.609857] e1000: Copyright (c) 1999-2006 Intel Corporation.
[    1.626243] Fusion MPT SPI Host driver 3.04.20
[    1.649627] AVX2 version of gcm_enc/dec engaged.
[    1.651504] AES CTR mode by8 optimization enabled
[    1.827536] input: ImExPS/2 Generic Explorer Mouse as /devices/platform/i8042/serio1/input/input4
[    2.065760] e1000 0000:00:03.0 eth0: (PCI:33MHz:32-bit) 02:bf:1c:77:ff:98
[    2.068428] e1000 0000:00:03.0 eth0: Intel(R) PRO/1000 Network Connection
[    2.072722] e1000 0000:00:03.0 enp0s3: renamed from eth0
[    2.074531] mptbase: ioc0: Initiating bringup
[    2.147992] ioc0: LSI53C1030 A0: Capabilities={Initiator}
[    2.326829] scsi host2: ioc0: LSI53C1030 A0, FwRev=00000000h, Ports=1, MaxQ=256, IRQ=20
[    2.455445] scsi 2:0:0:0: Direct-Access     VBOX     HARDDISK         1.0  PQ: 0 ANSI: 5
[    2.467446] scsi target2:0:0: Beginning Domain Validation
[    2.477331] scsi target2:0:0: Domain Validation skipping write tests
[    2.483154] scsi target2:0:0: Ending Domain Validation
[    2.486344] scsi target2:0:0: asynchronous
[    2.491048] scsi 2:0:1:0: Direct-Access     VBOX     HARDDISK         1.0  PQ: 0 ANSI: 5
[    2.496142] scsi target2:0:1: Beginning Domain Validation
[    2.501667] scsi target2:0:1: Domain Validation skipping write tests
[    2.504174] scsi target2:0:1: Ending Domain Validation
[    2.535689] scsi target2:0:1: asynchronous
[    2.547720] sd 2:0:0:0: Attached scsi generic sg0 type 0
[    2.548219] sd 2:0:0:0: [sda] 20971520 512-byte logical blocks: (10.7 GB/10.0 GiB)
[    2.548725] sd 2:0:0:0: [sda] Write Protect is off
[    2.548898] sd 2:0:0:0: [sda] Incomplete mode parameter data
[    2.548900] sd 2:0:0:0: [sda] Assuming drive cache: write through
[    2.559373] sd 2:0:1:0: Attached scsi generic sg1 type 0
[    2.559430] sd 2:0:1:0: [sdb] 20480 512-byte logical blocks: (10.5 MB/10.0 MiB)
[    2.559722] sd 2:0:1:0: [sdb] Write Protect is off
[    2.559869] sd 2:0:1:0: [sdb] Incomplete mode parameter data
[    2.559873] sd 2:0:1:0: [sdb] Assuming drive cache: write through
[    2.569351]  sda: sda1
[    2.570349] sd 2:0:0:0: [sda] Attached SCSI disk
[    2.614891] sd 2:0:1:0: [sdb] Attached SCSI disk
Begin: Loading essential drivers ... [    4.393301] md: linear personality registered for level -1
[    4.408299] md: multipath personality registered for level -4
[    4.414887] md: raid0 personality registered for level 0
[    4.421248] md: raid1 personality registered for level 1
[    4.494807] raid6: sse2x1   gen()  7457 MB/s
[    4.565568] raid6: sse2x1   xor()  5973 MB/s
[    4.634364] raid6: sse2x2   gen()  9173 MB/s
[    4.709905] raid6: sse2x2   xor()  6198 MB/s
[    4.778004] raid6: sse2x4   gen()  9109 MB/s
[    4.845906] raid6: sse2x4   xor()  5522 MB/s
[    4.913900] raid6: avx2x1   gen() 14234 MB/s
[    4.984856] raid6: avx2x2   gen() 17749 MB/s
[    5.050117] raid6: avx2x4   gen() 17083 MB/s
[    5.051659] raid6: using algorithm avx2x2 gen() 17749 MB/s
[    5.053409] raid6: using avx2x2 recovery algorithm
[    5.057347] xor: automatically using best checksumming function:
[    5.097954]    avx       : 20688.000 MB/sec
[    5.100837] async_tx: api initialized (async)
[    5.118061] md: raid6 personality registered for level 6
[    5.119790] md: raid5 personality registered for level 5
[    5.121207] md: raid4 personality registered for level 4
[    5.135735] md: raid10 personality registered for level 10
done.
Begin: Running /scripts/init-premount ... done.
Begin: Mounting root file system ... Begin: Running /scripts/local-top ... done.
Begin: Running /scripts/local-premount ... [    5.186543] Btrfs loaded
Scanning for Btrfs filesystems
done.
Warning: fsck not present, so skipping root file system
[    5.355064] EXT4-fs (sda1): mounted filesystem with ordered data mode. Opts: (null)
done.
Begin: Running /scripts/local-bottom ... done.
Begin: Running /scripts/init-bottom ... done.
[    5.966373] random: nonblocking pool is initialized
[    7.731252] systemd[1]: systemd 229 running in system mode. (+PAM +AUDIT +SELINUX +IMA +APPARMOR +SMACK +SYSVINIT +UTMP +LIBCRYPTSETUP +GCRYPT +GNUTLS +ACL +XZ -LZ4 +SECCOMP +BLKID +ELFUTILS +KMOD -IDN)
[    7.749087] systemd[1]: Detected virtualization oracle.
[    7.752004] systemd[1]: Detected architecture x86-64.

Welcome to [1mUbuntu 16.04.6 LTS[0m!

[    7.853369] systemd[1]: Set hostname to <ubuntu-xenial>.
[   10.451802] systemd[1]: Listening on Journal Audit Socket.
[[0;32m  OK  [0m] Listening on Journal Audit Socket.
[   10.456250] systemd[1]: Set up automount Arbitrary Executable File Formats File System Automount Point.
[[0;32m  OK  [0m] Set up automount Arbitrary Executab...ats File System Automount Point.
[   10.463086] systemd[1]: Reached target System Time Synchronized.
[[0;32m  OK  [0m] Reached target System Time Synchronized.
[   10.467465] systemd[1]: Listening on udev Control Socket.
[[0;32m  OK  [0m] Listening on udev Control Socket.
[   10.478243] systemd[1]: Started Forward Password Requests to Wall Directory Watch.
[[0;32m  OK  [0m] Started Forward Password Requests to Wall Directory Watch.
[   10.483462] systemd[1]: Listening on Syslog Socket.
[[0;32m  OK  [0m] Listening on Syslog Socket.
[   10.487595] systemd[1]: Listening on Journal Socket.
[[0;32m  OK  [0m] Listening on Journal Socket.
[   10.491200] systemd[1]: Started Trigger resolvconf update for networkd DNS.
[[0;32m  OK  [0m] Started Trigger resolvconf update for networkd DNS.
[   10.500762] systemd[1]: Created slice System Slice.
[[0;32m  OK  [0m] Created slice System Slice.
[   10.522014] systemd[1]: Starting Remount Root and Kernel File Systems...
         Starting Remount Root and Kernel File Systems...
[   10.530046] systemd[1]: Starting Nameserver information manager...
         Starting Nameserver information manager...
[   10.618667] systemd[1]: Starting Create list of required static device nodes for the current kernel...
         Starting Create list of required st... nodes for the current kernel...
[   10.624797] systemd[1]: Created slice system-serial\x2dgetty.slice.
[[0;32m  OK  [0m] Created slice system-serial\x2dgetty.slice.
[   10.666770] systemd[1]: Starting Load Kernel Modules...
         Starting Load Kernel Modules...
[   10.670852] systemd[1]: Listening on LVM2 metadata daemon socket.
[[0;32m  OK  [0m] Listening on LVM2 metadata daemon socket.
[   10.683594] systemd[1]: Starting Uncomplicated firewall...
         Starting Uncomplicated firewall...
[   10.695577] systemd[1]: Mounting POSIX Message Queue File System...
         Mounting POSIX Message Queue File System...
[   10.700391] systemd[1]: Starting Set console keymap...
         Starting Set console keymap...
[   10.705226] systemd[1]: Listening on Journal Socket (/dev/log).
[[0;32m  OK  [0m] Listening on Journal Socket (/dev/log).
[   10.719295] systemd[1]: Mounting Debug File System...
         Mounting Debug File System...
[   10.724961] systemd[1]: Mounting Huge Pages File System...
         Mounting Huge Pages File System...
[   10.730163] systemd[1]: Listening on LVM2 poll daemon socket.
[[0;32m  OK  [0m] Listening on LVM2 poll daemon socket.
[   10.738959] systemd[1]: Listening on udev Kernel Socket.
[[0;32m  OK  [0m] Listening on udev Kernel Socket.
[   10.742641] systemd[1]: Listening on /dev/initctl Compatibility Named Pipe.
[[0;32m  OK  [0m] Listening on /dev/initctl Compatibility Named Pipe.
[   10.745801] systemd[1]: Reached target User and Group Name Lookups.
[[0;32m  OK  [0m] Reached target User and Group Name Lookups.
[   10.748583] systemd[1]: Listening on Device-mapper event daemon FIFOs.
[[0;32m  OK  [0m] Listening on Device-mapper event daemon FIFOs.
[   10.752275] systemd[1]: Starting Monitoring of LVM2 mirrors, snapshots etc. using dmeventd or progress polling...
         Starting Monitoring of LVM2 mirrors... dmeventd or progress polling...
[   10.758962] systemd[1]: Created slice User and Session Slice.
[[0;32m  OK  [0m] Created slice User and Session Slice.
[   10.766633] systemd[1]: Reached target Slices.
[[0;32m  OK  [0m] Reached target Slices.
[   10.770791] systemd[1]: Starting Journal Service...
         Starting Journal Service...
[   10.774644] systemd[1]: Reached target Encrypted Volumes.
[[0;32m  OK  [0m] Reached target Encrypted Volumes.
[   10.787068] systemd[1]: Reached target Swap.
[[0;32m  OK  [0m] Reached target Swap.
[   10.792094] systemd[1]: Started Create list of required static device nodes for the current kernel.
[[0;32m  OK  [0m] Started Create list of required sta...ce nodes for the current kernel.
[   10.797800] systemd[1]: Starting Create Static Device Nodes in /dev...
         Starting Create Static Device Nodes in /dev...
[   10.817793] EXT4-fs (sda1): re-mounted. Opts: (null)
[   10.817974] systemd[1]: Mounted Huge Pages File System.
[[0;32m  OK  [0m] Mounted Huge Pages File System.
[   10.830403] systemd[1]: Mounted POSIX Message Queue File System.
[[0;32m  OK  [0m] Mounted POSIX Message Queue File System.
[   10.833925] systemd[1]: Mounted Debug File System.
[[0;32m  OK  [0m] Mounted Debug File System.
[   10.839229] systemd[1]: Started Remount Root and Kernel File Systems.
[[0;32m  OK  [0m] Started Remount Root and Kernel File Systems.
[   10.857392] systemd[1]: Starting Load/Save Random Seed...
         Starting Load/Save Random Seed...
[   11.249232] Loading iSCSI transport class v2.0-870.
[   11.318775] systemd[1]: Starting udev Coldplug all Devices...
         Starting udev Coldplug all Devices...
[   11.335781] systemd[1]: Started Uncomplicated firewall.
[[0;32m  OK  [0m] Started Uncomplicated firewall.
[   11.358064] systemd[1]: Started Nameserver information manager.
[[0;32m  OK  [0m] Started Nameserver information manager.
[   11.363680] systemd[1]: Started Load/Save Random Seed.
[[0;32m  OK  [0m] Started Load/Save Random Seed.
[   11.453162] systemd[1]: Started udev Coldplug all Devices.
[[0;32m  OK  [0m] Started udev Coldplug all Devices.
[   11.527618] iscsi: registered transport (tcp)
[   11.532128] systemd[1]: Started Journal Service.
[[0;32m  OK  [0m] Started Journal Service.
         Starting Flush Journal to Persistent Storage...
[[0;32m  OK  [0m] Started Set console keymap.
[[0;32m  OK  [0m] Started LVM2 metadata daemon.
[   11.747040] systemd-journald[398]: Received request to flush runtime journal from PID 1
[[0;32m  OK  [0m] Started Flush Journal to Persistent Storage.
[   12.135178] iscsi: registered transport (iser)
[[0;32m  OK  [0m] Started Load Kernel Modules.
         Mounting FUSE Control File System...
         Starting Apply Kernel Variables...
[[0;32m  OK  [0m] Mounted FUSE Control File System.
[[0;32m  OK  [0m] Started Monitoring of LVM2 mirrors,...ng dmeventd or progress polling.
[[0;32m  OK  [0m] Started Apply Kernel Variables.
[[0;32m  OK  [0m] Started Create Static Device Nodes in /dev.
         Starting udev Kernel Device Manager...
[[0;32m  OK  [0m] Reached target Local File Systems (Pre).
[[0;32m  OK  [0m] Reached target Local File Systems.
         Starting LSB: AppArmor initialization...
         Starting Tell Plymouth To Write Out Runtime Data...
         Starting Initial cloud-init job (pre-networking)...
         Starting Set console font and keymap...
         Starting Create Volatile Files and Directories...
[[0;32m  OK  [0m] Started Tell Plymouth To Write Out Runtime Data.
[[0;32m  OK  [0m] Started Create Volatile Files and Directories.
         Starting Update UTMP about System Boot/Shutdown...
[[0;32m  OK  [0m] Started Update UTMP about System Boot/Shutdown.
[[0;32m  OK  [0m] Started Set console font and keymap.
[[0;32m  OK  [0m] Created slice system-getty.slice.
[[0;32m  OK  [0m] Started udev Kernel Device Manager.
[[0;32m  OK  [0m] Started Dispatch Password Requests to Console Directory Watch.
[[0;32m  OK  [0m] Found device /dev/ttyS0.
[[0;32m  OK  [0m] Listening on Load/Save RF Kill Switch Status /dev/rfkill Watch.
[[0;32m  OK  [0m] Found device 82540EM Gigabit Ethern...r (PRO/1000 MT Desktop Adapter).
[[0;32m  OK  [0m] Started LSB: AppArmor initialization.
[   25.273046] cloud-init[469]: Cloud-init v. 19.3-41-gc4735dd3-0ubuntu1~16.04.1 running 'init-local' at Fri, 27 Dec 2019 23:19:00 +0000. Up 24.11 seconds.
[[0;32m  OK  [0m] Started Initial cloud-init job (pre-networking).
[[0;32m  OK  [0m] Reached target Network (Pre).
[[0;32m  OK  [0m] Started ifup for enp0s3.
         Starting Raise network interfaces...
[[0;32m  OK  [0m] Started Raise network interfaces.
[[0;32m  OK  [0m] Reached target Network.
         Starting Initial cloud-init job (metadata service crawler)...
[   27.517657] cloud-init[980]: Cloud-init v. 19.3-41-gc4735dd3-0ubuntu1~16.04.1 running 'init' at Fri, 27 Dec 2019 23:19:02 +0000. Up 26.36 seconds.
[   27.529389] cloud-init[980]: ci-info: ++++++++++++++++++++++++++++++++++++++Net device info++++++++++++++++++++++++++++++++++++++
[   27.535687] cloud-init[980]: ci-info: +--------+------+----------------------------+---------------+--------+-------------------+
[   27.538574] cloud-init[980]: ci-info: | Device |  Up  |          Address           |      Mask     | Scope  |     Hw-Address    |
[   27.540368] cloud-init[980]: ci-info: +--------+------+----------------------------+---------------+--------+-------------------+
[   27.548690] cloud-init[980]: ci-info: | enp0s3 | True |         10.0.2.15          | 255.255.255.0 | global | 02:bf:1c:77:ff:98 |
[   27.551125] cloud-init[980]: ci-info: | enp0s3 | True | fe80::bf:1cff:fe77:ff98/64 |       .       |  link  | 02:bf:1c:77:ff:98 |
[   27.553547] cloud-init[980]: ci-info: |   lo   | True |         127.0.0.1          |   255.0.0.0   |  host  |         .         |
[   27.555572] cloud-init[980]: ci-info: |   lo   | True |          ::1/128           |       .       |  host  |         .         |
[   27.557708] cloud-init[980]: ci-info: +--------+------+----------------------------+---------------+--------+-------------------+
[   27.559733] cloud-init[980]: ci-info: +++++++++++++++++++++++++++Route IPv4 info++++++++++++++++++++++++++++
[   27.561446] cloud-init[980]: ci-info: +-------+-------------+----------+---------------+-----------+-------+
[   27.564286] cloud-init[980]: ci-info: | Route | Destination | Gateway  |    Genmask    | Interface | Flags |
[   27.572869] cloud-init[980]: ci-info: +-------+-------------+----------+---------------+-----------+-------+
[   27.574588] cloud-init[980]: ci-info: |   0   |   0.0.0.0   | 10.0.2.2 |    0.0.0.0    |   enp0s3  |   UG  |
[   27.576341] cloud-init[980]: ci-info: |   1   |   10.0.2.0  | 0.0.0.0  | 255.255.255.0 |   enp0s3  |   U   |
[   27.578438] cloud-init[980]: ci-info: +-------+-------------+----------+---------------+-----------+-------+
[   27.588418] cloud-init[980]: ci-info: +++++++++++++++++++Route IPv6 info+++++++++++++++++++
[   27.590512] cloud-init[980]: ci-info: +-------+-------------+---------+-----------+-------+
[   27.592383] cloud-init[980]: ci-info: | Route | Destination | Gateway | Interface | Flags |
[   27.594987] cloud-init[980]: ci-info: +-------+-------------+---------+-----------+-------+
[   27.598308] cloud-init[980]: ci-info: |   0   |  fe80::/64  |    ::   |   enp0s3  |   U   |
[   27.599865] cloud-init[980]: ci-info: |   3   |   ff00::/8  |    ::   |   enp0s3  |   U   |
[   27.601663] cloud-init[980]: ci-info: +-------+-------------+---------+-----------+-------+
[[0;32m  OK  [0m] Started Initial cloud-init job (metadata service crawler).
[[0;32m  OK  [0m] Reached target System Initialization.
         Starting Socket activation for snappy daemon.
[[0;32m  OK  [0m] Listening on D-Bus System Message Bus Socket.
         Starting LXD - unix socket.
[[0;32m  OK  [0m] Started ACPI Events Check.
[[0;32m  OK  [0m] Reached target Paths.
[[0;32m  OK  [0m] Started Daily Cleanup of Temporary Directories.
[[0;32m  OK  [0m] Listening on UUID daemon activation socket.
[[0;32m  OK  [0m] Listening on ACPID Listen Socket.
[[0;32m  OK  [0m] Started Message of the Day.
[[0;32m  OK  [0m] Started Daily apt download activities.
[[0;32m  OK  [0m] Started Daily apt upgrade and clean activities.
[[0;32m  OK  [0m] Reached target Timers.
[[0;32m  OK  [0m] Reached target Cloud-config availability.
[[0;32m  OK  [0m] Reached target Network is Online.
         Starting iSCSI initiator daemon (iscsid)...
[[0;32m  OK  [0m] Listening on Socket activation for snappy daemon.
[[0;32m  OK  [0m] Listening on LXD - unix socket.
[[0;32m  OK  [0m] Reached target Sockets.
[[0;32m  OK  [0m] Reached target Basic System.
         Starting MySQL Community Server...
         Starting LSB: Record successful boot for GRUB...
         Starting LSB: MD monitoring daemon...
[[0;32m  OK  [0m] Started FUSE filesystem for LXC.
[[0;32m  OK  [0m] Started Deferred execution scheduler.
[[0;32m  OK  [0m] Started ACPI event daemon.
         Starting LXD - container startup/shutdown...
         Starting OpenBSD Secure Shell server...
[[0;32m  OK  [0m] Started Regular background program processing daemon.
[[0;32m  OK  [0m] Started D-Bus System Message Bus.
         Starting /etc/rc.local Compatibility...
         Starting System Logging Service...
         Starting Virtualbox guest utils...
         Starting Accounts Service...
         Starting Login Service...
         Starting Snappy daemon...
[[0;32m  OK  [0m] Started /etc/rc.local Compatibility.
[[0;32m  OK  [0m] Started OpenBSD Secure Shell server.
[[0;32m  OK  [0m] Started iSCSI initiator daemon (iscsid).
         Starting Login to default iSCSI targets...
[[0;32m  OK  [0m] Started LSB: MD monitoring daemon.
[[0;32m  OK  [0m] Started Login Service.
[[0;32m  OK  [0m] Started Unattended Upgrades Shutdown.
[[0;32m  OK  [0m] Started LSB: Record successful boot for GRUB.
[[0;32m  OK  [0m] Started Login to default iSCSI targets.
[[0;32m  OK  [0m] Reached target Remote File Systems (Pre).
[[0;32m  OK  [0m] Reached target Remote File Systems.
         Starting LSB: Apache2 web server...
         Starting LSB: daemon to balance interrupts for SMP systems...
         Starting LSB: Set the CPU Frequency Scaling governor to "ondemand"...
         Starting LSB: automatic crash report generation...
         Starting Permit User Sessions...
[[0;32m  OK  [0m] Started LSB: Set the CPU Frequency Scaling governor to "ondemand".
[[0;32m  OK  [0m] Started Permit User Sessions.
         Starting Terminate Plymouth Boot Screen...
         Starting Hold until boot process finishes up...
[[0;32m  OK  [0m] Started Hold until boot process finishes up.
[[0;32m  OK  [0m] Started Terminate Plymouth Boot Screen.
[[0;32m  OK  [0m] Started Serial Getty on ttyS0.
[[0;32m  OK  [0m] Started Getty on tty1.
[[0;32m  OK  [0m] Reached target Login Prompts.
         Starting Set console scheme...
[[0;32m  OK  [0m] Started LSB: daemon to balance interrupts for SMP systems.
[[0;32m  OK  [0m] Started Set console scheme.
[[0;32m  OK  [0m] Started LSB: automatic crash report generation.
[[0;32m  OK  [0m] Started System Logging Service.
[[0;32m  OK  [0m] Started Virtualbox guest utils.
         Starting Authenticate and Authorize Users to Run Privileged Tasks...
[[0;32m  OK  [0m] Started Authenticate and Authorize Users to Run Privileged Tasks.
[[0;32m  OK  [0m] Started Accounts Service.
[[0;32m  OK  [0m] Created slice User Slice of vagrant.
         Starting User Manager for UID 1000...
[[0;32m  OK  [0m] Started Session 1 of user vagrant.
[[0;32m  OK  [0m] Started User Manager for UID 1000.

Ubuntu 16.04.6 LTS ubuntu-xenial ttyS0

ubuntu-xenial login: [   39.025657] cloud-init[1315]: Cloud-init v. 19.3-41-gc4735dd3-0ubuntu1~16.04.1 running 'modules:config' at Fri, 27 Dec 2019 23:19:14 +0000. Up 37.90 seconds.
[   45.778669] cloud-init[1582]: Cloud-init v. 19.3-41-gc4735dd3-0ubuntu1~16.04.1 running 'modules:final' at Fri, 27 Dec 2019 23:19:21 +0000. Up 45.54 seconds.
[   45.778952] cloud-init[1582]: Cloud-init v. 19.3-41-gc4735dd3-0ubuntu1~16.04.1 finished at Fri, 27 Dec 2019 23:19:22 +0000. Datasource DataSourceNoCloud [seed=/dev/sdb][dsmode=net].  Up 45.76 seconds
[  244.609785] e1000 0000:00:03.0 enp0s3: Detected Tx Unit Hang
[  244.609785]   Tx Queue             <0>
[  244.609785]   TDH                  <69>
[  244.609785]   TDT                  <6b>
[  244.609785]   next_to_use          <6b>
[  244.609785]   next_to_clean        <69>
[  244.609785] buffer_info[next_to_clean]
[  244.609785]   time_stamp           <ffffc821>
[  244.609785]   next_to_watch        <6a>
[  244.609785]   jiffies              <ffffc9ae>
[  244.609785]   next_to_watch.status <0>
[  246.613669] e1000 0000:00:03.0 enp0s3: Detected Tx Unit Hang
[  246.613669]   Tx Queue             <0>
[  246.613669]   TDH                  <69>
[  246.613669]   TDT                  <6b>
[  246.613669]   next_to_use          <6b>
[  246.613669]   next_to_clean        <69>
[  246.613669] buffer_info[next_to_clean]
[  246.613669]   time_stamp           <ffffc821>
[  246.613669]   next_to_watch        <6a>
[  246.613669]   jiffies              <ffffcba3>
[  246.613669]   next_to_watch.status <0>
[  248.615419] e1000 0000:00:03.0 enp0s3: Detected Tx Unit Hang
[  248.615419]   Tx Queue             <0>
[  248.615419]   TDH                  <69>
[  248.615419]   TDT                  <6b>
[  248.615419]   next_to_use          <6b>
[  248.615419]   next_to_clean        <69>
[  248.615419] buffer_info[next_to_clean]
[  248.615419]   time_stamp           <ffffc821>
[  248.615419]   next_to_watch        <6a>
[  248.615419]   jiffies              <ffffcd98>
[  248.615419]   next_to_watch.status <0>
[  251.069614] e1000 0000:00:03.0 enp0s3: Reset adapter
